// Jest Snapshot v1, https://goo.gl/fbAQLP

exports[`Input renders correctly 1`] = `
.emotion-0 {
  box-sizing: border-box;
  -webkit-transition: var(--nui-transitions-colors);
  transition: var(--nui-transitions-colors);
  display: -webkit-inline-box;
  display: -webkit-inline-flex;
  display: -ms-inline-flexbox;
  display: inline-flex;
  -webkit-align-items: center;
  -webkit-box-align: center;
  -ms-flex-align: center;
  align-items: center;
  gap: var(--nui-spaces-1);
  cursor: text;
  position: relative;
  -webkit-padding-start: var(--nui-spaces-3);
  padding-inline-start: var(--nui-spaces-3);
  -webkit-padding-end: var(--nui-spaces-3);
  padding-inline-end: var(--nui-spaces-3);
  font-size: var(--nui-font-sizes-lg);
  height: var(--nui-sizes-10);
  border-radius: var(--nui-radii-lg);
  border: var(--nui-borders-md);
  border-color: var(--nui-colors-gray-highlight);
}

.emotion-0:hover {
  border-color: var(--nui-colors-gray-secondary);
}

.emotion-0:is(:focus-within, [data-focus-within=true]) {
  border-color: var(--nui-colors-blue-primary);
}

.emotion-1 {
  outline: none;
  border: none;
  font-size: inherit;
  background-color: transparent;
  color: inherit;
  -webkit-flex: 1;
  -ms-flex: 1;
  flex: 1;
  cursor: inherit;
  width: var(--nui-sizes-full);
  padding: 0;
  padding-block-start: var(--nui-spaces-2-5);
  padding-block-end: var(--nui-spaces-2-5);
}

.emotion-1::-webkit-input-placeholder {
  color: inherit;
}

.emotion-1::-moz-placeholder {
  color: inherit;
}

.emotion-1:-ms-input-placeholder {
  color: inherit;
}

.emotion-1::placeholder {
  color: inherit;
}

.emotion-1 WebkitAppearance {
  ::-webkit-search-cancel-button: none;
}

.emotion-1::WebkitSearchCancelButton {
  -webkit-appearance: none;
  -moz-appearance: none;
  -ms-appearance: none;
  appearance: none;
}

<div
  class="nui-input-root nui-input-variant-outlined nui-input-radius-md nui-input-size-md nui-input-color-blue emotion-0"
>
  <input
    aria-invalid="false"
    class="nui-input-input emotion-1"
    tabindex="0"
    type="text"
    value=""
  />
</div>
`;
