// Jest Snapshot v1, https://goo.gl/fbAQLP

exports[`CheckboxGroup should render with default props 1`] = `
.emotion-0 {
  display: -webkit-box;
  display: -webkit-flex;
  display: -ms-flexbox;
  display: flex;
  -webkit-flex-direction: column;
  -ms-flex-direction: column;
  flex-direction: column;
  gap: var(--nui-spaces-2);
}

.emotion-1 {
  display: -webkit-box;
  display: -webkit-flex;
  display: -ms-flexbox;
  display: flex;
  -webkit-flex-direction: row;
  -ms-flex-direction: row;
  flex-direction: row;
}

.emotion-2 {
  display: -webkit-inline-box;
  display: -webkit-inline-flex;
  display: -ms-inline-flexbox;
  display: inline-flex;
  position: relative;
  -webkit-align-items: center;
  -webkit-box-align: center;
  -ms-flex-align: center;
  align-items: center;
  box-sizing: border-box;
  cursor: pointer;
  -webkit-tap-highlight-color: transparent;
  max-width: -webkit-fit-content;
  max-width: -moz-fit-content;
  max-width: fit-content;
  height: var(--nui-sizes-8);
  padding: var(--nui-spaces-1-5);
  -webkit-margin-start: calc(var(--nui-spaces-1-5) * -1);
  margin-inline-start: calc(var(--nui-spaces-1-5) * -1);
  -webkit-margin-end: var(--nui-spaces-1-5);
  margin-inline-end: var(--nui-spaces-1-5);
}

.emotion-3 {
  margin: 0;
  padding: 0;
  border: none;
  background: none;
  outline: none;
  -webkit-appearance: none;
  -moz-appearance: none;
  -ms-appearance: none;
  appearance: none;
  -webkit-appearance: none;
  -moz-appearance: none;
  border-radius: 0;
  box-shadow: none;
  box-sizing: border-box;
  position: absolute;
  inset: 0;
  opacity: 0;
  cursor: inherit;
  z-index: 1;
}

.emotion-3[type="search"]::-webkit-search-decoration {
  -webkit-appearance: none;
}

.emotion-3[type="search"]::-webkit-search-cancel-button {
  -webkit-appearance: none;
}

.emotion-3:is(:-webkit-autofill, :autofill) {
  background-color: transparent!important;
  -webkit-transition: background-color 50000s ease-in-out 0s;
  transition: background-color 50000s ease-in-out 0s;
}

.emotion-3[data-focus-visible=true]:not(:disabled, [data-disabled=true])+*::before {
  outline: var(--nui-borders-focus-visible-outline);
  outline-offset: var(--nui-spaces-0-5);
}

.emotion-3:is(:hover, [data-hover=true]):not(:disabled, [data-disabled=true])+*::before {
  border-color: var(--nui-colors-blue-secondary);
}

.emotion-4 {
  display: -webkit-inline-box;
  display: -webkit-inline-flex;
  display: -ms-inline-flexbox;
  display: inline-flex;
  position: relative;
  -webkit-box-pack: center;
  -ms-flex-pack: center;
  -webkit-justify-content: center;
  justify-content: center;
  -webkit-align-items: center;
  -webkit-box-align: center;
  -ms-flex-align: center;
  align-items: center;
  color: var(--nui-colors-blue-contrast-text);
  width: var(--nui-sizes-5);
  height: var(--nui-sizes-5);
  font-size: var(--nui-font-sizes-md);
}

.emotion-4::before {
  content: "";
  position: absolute;
  inset: 0;
  border: var(--nui-borders-md);
  border-color: var(--nui-colors-gray-highlight);
  -webkit-transition: var(--nui-transitions-colors);
  transition: var(--nui-transitions-colors);
  background: transparent;
  z-index: -2;
  border-radius: calc(var(--nui-radii-lg) * .6);
}

.emotion-4::after {
  content: "";
  position: absolute;
  inset: 0;
  background-color: var(--nui-colors-blue-primary);
  -webkit-transition: all 0.2s linear;
  transition: all 0.2s linear;
  -webkit-transform: scale(0.4);
  -moz-transform: scale(0.4);
  -ms-transform: scale(0.4);
  transform: scale(0.4);
  opacity: 0;
  z-index: -1;
  border-radius: calc(var(--nui-radii-lg) * .6);
}

.emotion-5 {
  -webkit-margin-start: var(--nui-spaces-2);
  margin-inline-start: var(--nui-spaces-2);
  font-size: var(--nui-font-sizes-lg);
}

<div
  class="nui-checkbox-group-root nui-checkbox-group-orientation-horizontal emotion-0"
  role="group"
>
  <div
    class="nui-checkbox-group-wrapper emotion-1"
  >
    <label
      class="nui-checkbox-root nui-checkbox-radius-md nui-checkbox-size-md nui-checkbox-color-blue emotion-2"
    >
      <input
        aria-label="orange"
        aria-labelledby="«rh»"
        class="nui-checkbox-input emotion-3"
        tabindex="0"
        type="checkbox"
        value="orange"
      />
      <span
        class="nui-checkbox-icon emotion-4"
      >
        <svg
          aria-hidden="true"
          fill="none"
          focusable="false"
          stroke="currentColor"
          stroke-width="1.5"
          viewBox="0 0 24 24"
          xmlns="http://www.w3.org/2000/svg"
        >
          <path
            d="m7 12.9l3.143 3.6L18 7.5"
            opacity="0"
            pathLength="1"
            stroke-dasharray="0px 1px"
            stroke-dashoffset="0px"
            stroke-linecap="round"
            stroke-linejoin="round"
          />
        </svg>
      </span>
      <span
        class="nui-checkbox-label emotion-5"
        id="«rh»"
      >
        orange
      </span>
    </label>
    <label
      class="nui-checkbox-root nui-checkbox-radius-md nui-checkbox-size-md nui-checkbox-color-blue emotion-2"
    >
      <input
        aria-label="pear"
        aria-labelledby="«ri»"
        class="nui-checkbox-input emotion-3"
        tabindex="0"
        type="checkbox"
        value="pear"
      />
      <span
        class="nui-checkbox-icon emotion-4"
      >
        <svg
          aria-hidden="true"
          fill="none"
          focusable="false"
          stroke="currentColor"
          stroke-width="1.5"
          viewBox="0 0 24 24"
          xmlns="http://www.w3.org/2000/svg"
        >
          <path
            d="m7 12.9l3.143 3.6L18 7.5"
            opacity="0"
            pathLength="1"
            stroke-dasharray="0px 1px"
            stroke-dashoffset="0px"
            stroke-linecap="round"
            stroke-linejoin="round"
          />
        </svg>
      </span>
      <span
        class="nui-checkbox-label emotion-5"
        id="«ri»"
      >
        pear
      </span>
    </label>
    <label
      class="nui-checkbox-root nui-checkbox-radius-md nui-checkbox-size-md nui-checkbox-color-blue emotion-2"
    >
      <input
        aria-label="Apple"
        aria-labelledby="«rj»"
        class="nui-checkbox-input emotion-3"
        tabindex="0"
        type="checkbox"
        value="apple"
      />
      <span
        class="nui-checkbox-icon emotion-4"
      >
        <svg
          aria-hidden="true"
          fill="none"
          focusable="false"
          stroke="currentColor"
          stroke-width="1.5"
          viewBox="0 0 24 24"
          xmlns="http://www.w3.org/2000/svg"
        >
          <path
            d="m7 12.9l3.143 3.6L18 7.5"
            opacity="0"
            pathLength="1"
            stroke-dasharray="0px 1px"
            stroke-dashoffset="0px"
            stroke-linecap="round"
            stroke-linejoin="round"
          />
        </svg>
      </span>
      <span
        class="nui-checkbox-label emotion-5"
        id="«rj»"
      >
        Apple
      </span>
    </label>
  </div>
</div>
`;
