// Jest Snapshot v1, https://goo.gl/fbAQLP

exports[`Button renders correctly 1`] = `
<button
  class="nui-btn nui-btn-variant-solid nui-btn-radius-md nui-btn-size-md nui-btn-color-blue emotion-0"
  type="button"
>
  Button
</button>
`;

exports[`Button should support link button 1`] = `
<a
  class="nui-btn nui-btn-variant-solid nui-btn-radius-md nui-btn-size-md nui-btn-color-blue emotion-0"
  href="https://"
  target="_blank"
>
  Link Button
</a>
`;
