// Jest Snapshot v1, https://goo.gl/fbAQLP

exports[`CardHeader should render with default props 1`] = `
.emotion-0 {
  padding: var(--nui-spaces-3);
  display: -webkit-box;
  display: -webkit-flex;
  display: -ms-flexbox;
  display: flex;
  -webkit-align-items: center;
  -webkit-box-align: center;
  -ms-flex-align: center;
  align-items: center;
  gap: var(--nui-spaces-3);
}

<div
  class="nui-card-header-root emotion-0"
/>
`;
