// Jest Snapshot v1, https://goo.gl/fbAQLP

exports[`InputText renders correctly 1`] = `
<label
  class="nui-input-text-root nui-input-text-variant-outlined nui-input-text-radius-md nui-input-text-size-md nui-input-text-color-blue emotion-0"
>
  <input
    class="nui-input-text-input emotion-1"
    type="text"
    value=""
  />
</label>
`;
