// Jest Snapshot v1, https://goo.gl/fbAQLP

exports[`ButtonBase should render with default props 1`] = `
<button
  tabindex="0"
  type="button"
>
  Button
</button>
`;
