// Jest Snapshot v1, https://goo.gl/fbAQLP

exports[`Flex should render with default props 1`] = `
.emotion-0 {
  display: -webkit-box;
  display: -webkit-flex;
  display: -ms-flexbox;
  display: flex;
  -webkit-flex-direction: row;
  -ms-flex-direction: row;
  flex-direction: row;
}

<div
  class="nui-flex-root emotion-0"
/>
`;
