// Jest Snapshot v1, https://goo.gl/fbAQLP

exports[`RadioGroup should render with default props 1`] = `
.emotion-0 {
  display: -webkit-box;
  display: -webkit-flex;
  display: -ms-flexbox;
  display: flex;
  -webkit-flex-direction: column;
  -ms-flex-direction: column;
  flex-direction: column;
  gap: var(--nui-spaces-2);
}

.emotion-1 {
  display: -webkit-box;
  display: -webkit-flex;
  display: -ms-flexbox;
  display: flex;
  -webkit-flex-direction: row;
  -ms-flex-direction: row;
  flex-direction: row;
}

.emotion-2 {
  position: relative;
  display: -webkit-inline-box;
  display: -webkit-inline-flex;
  display: -ms-inline-flexbox;
  display: inline-flex;
  -webkit-align-items: center;
  -webkit-box-align: center;
  -ms-flex-align: center;
  align-items: center;
  cursor: pointer;
  -webkit-tap-highlight-color: transparent;
  box-sizing: border-box;
  max-width: -webkit-fit-content;
  max-width: -moz-fit-content;
  max-width: fit-content;
  padding: var(--nui-spaces-1-5);
  height: var(--nui-sizes-8);
  -webkit-margin-start: calc(var(--nui-spaces-1-5) * -1);
  margin-inline-start: calc(var(--nui-spaces-1-5) * -1);
  -webkit-margin-end: var(--nui-spaces-1-5);
  margin-inline-end: var(--nui-spaces-1-5);
}

.emotion-3 {
  all: unset;
  position: absolute;
  inset: 0;
  opacity: 0;
  z-index: 1;
}

.emotion-3:is(:hover, [data-hover=true]):not(:disabled, [data-disabled=true])+* {
  border-color: var(--nui-colors-blue-secondary);
}

.emotion-3:is(:focus-visible, [data-focus-visible=true]):not(:disabled, [data-disabled=true])+* {
  outline: var(--nui-borders-focus-visible-outline);
  outline-offset: var(--nui-spaces-0-5);
}

.emotion-4 {
  border-radius: var(--nui-radii-full);
  border: var(--nui-borders-md);
  border-color: var(--nui-colors-gray-highlight);
  display: -webkit-inline-box;
  display: -webkit-inline-flex;
  display: -ms-inline-flexbox;
  display: inline-flex;
  -webkit-align-items: center;
  -webkit-box-align: center;
  -ms-flex-align: center;
  align-items: center;
  -webkit-box-pack: center;
  -ms-flex-pack: center;
  -webkit-justify-content: center;
  justify-content: center;
  box-sizing: border-box;
  -webkit-transition: var(--nui-transitions-colors);
  transition: var(--nui-transitions-colors);
  width: var(--nui-sizes-5);
  height: var(--nui-sizes-5);
}

.emotion-4::before {
  content: "";
  display: block;
  -webkit-transform: scale(0);
  -moz-transform: scale(0);
  -ms-transform: scale(0);
  transform: scale(0);
  border-radius: var(--nui-radii-full);
  background-color: var(--nui-colors-blue-primary);
  -webkit-transition: var(--nui-transitions-all);
  transition: var(--nui-transitions-all);
  width: var(--nui-sizes-2);
  height: var(--nui-sizes-2);
}

.emotion-5 {
  -webkit-margin-start: var(--nui-spaces-2);
  margin-inline-start: var(--nui-spaces-2);
  font-size: var(--nui-font-sizes-lg);
}

<div
  class="nui-radio-group-root nui-radio-group-orientation-horizontal emotion-0"
  role="radiogroup"
>
  <div
    class="nui-radio-group-wrapper emotion-1"
  >
    <label
      class="nui-radio-root nui-radio-size-md nui-radio-color-blue emotion-2"
    >
      <input
        aria-label="Orange"
        aria-labelledby="«rc»"
        class="nui-radio-input emotion-3"
        name="«ra»"
        tabindex="0"
        type="radio"
        value="orange"
      />
      <span
        class="nui-radio-dot emotion-4"
      />
      <span
        class="nui-radio-label emotion-5"
        id="«rc»"
      >
        Orange
      </span>
    </label>
    <label
      class="nui-radio-root nui-radio-size-md nui-radio-color-blue emotion-2"
    >
      <input
        aria-label="Pear"
        aria-labelledby="«rd»"
        class="nui-radio-input emotion-3"
        name="«ra»"
        tabindex="-1"
        type="radio"
        value="pear"
      />
      <span
        class="nui-radio-dot emotion-4"
      />
      <span
        class="nui-radio-label emotion-5"
        id="«rd»"
      >
        Pear
      </span>
    </label>
    <label
      class="nui-radio-root nui-radio-size-md nui-radio-color-blue emotion-2"
    >
      <input
        aria-label="Apple"
        aria-labelledby="«re»"
        class="nui-radio-input emotion-3"
        name="«ra»"
        tabindex="-1"
        type="radio"
        value="apple"
      />
      <span
        class="nui-radio-dot emotion-4"
      />
      <span
        class="nui-radio-label emotion-5"
        id="«re»"
      >
        Apple
      </span>
    </label>
  </div>
</div>
`;
