// Jest Snapshot v1, https://goo.gl/fbAQLP

exports[`InputBase should render with default props 1`] = `
.emotion-0 {
  margin: 0;
  padding: 0;
  border: none;
  background: none;
  outline: none;
  -webkit-appearance: none;
  -moz-appearance: none;
  -ms-appearance: none;
  appearance: none;
  -webkit-appearance: none;
  -moz-appearance: none;
  border-radius: 0;
  box-shadow: none;
  box-sizing: border-box;
}

.emotion-0[type="search"]::-webkit-search-decoration {
  -webkit-appearance: none;
}

.emotion-0[type="search"]::-webkit-search-cancel-button {
  -webkit-appearance: none;
}

.emotion-0:is(:-webkit-autofill, :autofill) {
  background-color: transparent!important;
  -webkit-transition: background-color 50000s ease-in-out 0s;
  transition: background-color 50000s ease-in-out 0s;
}

<input
  class="emotion-0"
  data-focus-visible="true"
  tabindex="0"
  type="text"
/>
`;
