// Jest Snapshot v1, https://goo.gl/fbAQLP

exports[`Switch should render with default props 1`] = `
.emotion-0 {
  display: -webkit-inline-box;
  display: -webkit-inline-flex;
  display: -ms-inline-flexbox;
  display: inline-flex;
  position: relative;
  height: var(--nui-sizes-8);
  -webkit-align-items: center;
  -webkit-box-align: center;
  -ms-flex-align: center;
  align-items: center;
  cursor: pointer;
  -webkit-tap-highlight-color: transparent;
}

.emotion-1 {
  margin: 0;
  padding: 0;
  border: none;
  background: none;
  outline: none;
  -webkit-appearance: none;
  -moz-appearance: none;
  -ms-appearance: none;
  appearance: none;
  -webkit-appearance: none;
  -moz-appearance: none;
  border-radius: 0;
  box-shadow: none;
  box-sizing: border-box;
  position: absolute;
  inset: 0;
  opacity: 0;
  z-index: 1;
  cursor: inherit;
}

.emotion-1[type="search"]::-webkit-search-decoration {
  -webkit-appearance: none;
}

.emotion-1[type="search"]::-webkit-search-cancel-button {
  -webkit-appearance: none;
}

.emotion-1:is(:-webkit-autofill, :autofill) {
  background-color: transparent!important;
  -webkit-transition: background-color 50000s ease-in-out 0s;
  transition: background-color 50000s ease-in-out 0s;
}

.emotion-1[data-focus-visible=true]:not(:disabled, [data-disabled=true])+* {
  outline: var(--nui-borders-md) var(--nui-colors-blue-primary);
  outline-offset: var(--nui-spaces-0-5);
}

.emotion-2 {
  background-color: var(--nui-colors-gray-200);
  display: -webkit-inline-box;
  display: -webkit-inline-flex;
  display: -ms-inline-flexbox;
  display: inline-flex;
  border-radius: var(--nui-radii-full);
  -webkit-align-items: center;
  -webkit-box-align: center;
  -ms-flex-align: center;
  align-items: center;
  box-sizing: border-box;
  -webkit-transition: var(--nui-transitions-colors);
  transition: var(--nui-transitions-colors);
  overflow: hidden;
  position: relative;
  -webkit-padding-start: var(--nui-spaces-1);
  padding-inline-start: var(--nui-spaces-1);
  -webkit-padding-end: var(--nui-spaces-1);
  padding-inline-end: var(--nui-spaces-1);
  width: var(--nui-sizes-12);
  height: var(--nui-sizes-7);
  font-size: var(--nui-font-sizes-lg);
}

[data-nui-color-scheme="dark"] .emotion-2 {
  background-color: var(--nui-colors-gray-500);
}

.emotion-3 {
  background-color: var(--nui-colors-white);
  border-radius: inherit;
  -webkit-transition: var(--nui-transitions-margin);
  transition: var(--nui-transitions-margin);
  display: -webkit-box;
  display: -webkit-flex;
  display: -ms-flexbox;
  display: flex;
  -webkit-box-pack: center;
  -ms-flex-pack: center;
  -webkit-justify-content: center;
  justify-content: center;
  -webkit-align-items: center;
  -webkit-box-align: center;
  -ms-flex-align: center;
  align-items: center;
  width: var(--nui-sizes-5);
  height: var(--nui-sizes-5);
}

<label
  class="nui-switch-root emotion-0"
  data-checked="false"
  data-color="blue"
  data-disabled="false"
  data-size="md"
>
  <input
    class="nui-switch-input emotion-1"
    role="switch"
    tabindex="0"
    type="checkbox"
  />
  <span
    class="nui-switch-track emotion-2"
  >
    <span
      class="nui-switch-thumb emotion-3"
    />
  </span>
</label>
`;
