// Jest Snapshot v1, https://goo.gl/fbAQLP

exports[`Button renders correctly 1`] = `
<button
  class="nexui-btn"
  type="button"
>
  Button
</button>
`;

exports[`Button should support link button 1`] = `
<a
  class="nexui-btn"
  href="https://"
  target="_blank"
>
  Link Button
</a>
`;
