// Jest Snapshot v1, https://goo.gl/fbAQLP

exports[`Accordion should render with default props 1`] = `
.emotion-0 {
  width: var(--nui-sizes-full);
}

.emotion-1 {
  border-bottom: 1px solid var(--nui-colors-gray-highlight);
}

.emotion-2 {
  margin: 0;
  min-height: var(--nui-sizes-12);
}

.emotion-3 {
  padding: 0;
  margin: 0;
  outline: none;
  background: none;
  border: none;
  -webkit-text-decoration: none;
  text-decoration: none;
  -webkit-user-select: none;
  -moz-user-select: none;
  -ms-user-select: none;
  user-select: none;
  cursor: pointer;
  box-sizing: border-box;
  -webkit-tap-highlight-color: transparent;
  display: -webkit-box;
  display: -webkit-flex;
  display: -ms-flexbox;
  display: flex;
  -webkit-align-items: center;
  -webkit-box-align: center;
  -ms-flex-align: center;
  align-items: center;
  -webkit-box-pack: justify;
  -webkit-justify-content: space-between;
  justify-content: space-between;
  position: relative;
  box-sizing: border-box;
  width: var(--nui-sizes-full);
  min-height: inherit;
  -webkit-padding-start: var(--nui-spaces-4);
  padding-inline-start: var(--nui-spaces-4);
  -webkit-padding-end: var(--nui-spaces-4);
  padding-inline-end: var(--nui-spaces-4);
  font-size: var(--nui-font-sizes-xl);
  font-weight: var(--nui-font-weights-normal);
}

.emotion-3[data-focus-visible=true]:not(:disabled, [data-disabled=true]) {
  outline: var(--nui-borders-focus-visible-outline);
}

.emotion-4 {
  font-size: 1.25rem;
  display: -webkit-box;
  display: -webkit-flex;
  display: -ms-flexbox;
  display: flex;
}

<div
  class="nui-accordion-root nui-accordion-variant-underlined emotion-0"
>
  <div
    class="nui-accordion-item-root emotion-1"
    data-testid="accordion-item"
  >
    <h3
      class="nui-accordion-item-heading emotion-2"
    >
      <button
        aria-controls="panel-1-content"
        aria-expanded="false"
        class="nui-accordion-item-trigger emotion-3"
        id="«r5»"
        tabindex="0"
        type="button"
      >
        <span>
          Accordion 1
        </span>
        <span
          aria-hidden="true"
          class="nui-accordion-item-indicator emotion-4"
          style="transform: none;"
        >
          <svg
            aria-hidden="true"
            focusable="false"
            height="1em"
            viewBox="0 0 24 24"
            width="1em"
            xmlns="http://www.w3.org/2000/svg"
          >
            <path
              clip-rule="evenodd"
              d="M4.43 8.512a.75.75 0 0 1 1.058-.081L12 14.012l6.512-5.581a.75.75 0 0 1 .976 1.138l-7 6a.75.75 0 0 1-.976 0l-7-6a.75.75 0 0 1-.081-1.057"
              fill="currentColor"
              fill-rule="evenodd"
            />
          </svg>
        </span>
      </button>
    </h3>
  </div>
</div>
`;
